make[1]: Entering directory '/home/nikola/Faks/vs/wine/2024_Analysis_wine/wine'
tools/runtest -q -P wine -T . -M advapi32.dll -p dlls/advapi32/tests/x86_64-windows/advapi32_test.exe cred && touch dlls/advapi32/tests/x86_64-windows/cred.ok
==3532226== Memcheck, a memory error detector
==3532226== Copyright (C) 2002-2026, and GNU GPL'd, by Julian Seward et al.
==3532226== Using Valgrind-3.27.1 and LibVEX; rerun with -h for copyright info
==3532226== Command: ./wine dlls/advapi32/tests/x86_64-windows/advapi32_test.exe cred
==3532226== 
==3532226== Warning: --workaround-gcc296-bugs=yes is deprecated.
==3532226== Warning: Instead use: --ignore-range-below-sp=1024-1
==3532226== 
==3532226== Memcheck, a memory error detector
==3532226== Copyright (C) 2002-2026, and GNU GPL'd, by Julian Seward et al.
==3532226== Using Valgrind-3.27.1 and LibVEX; rerun with -h for copyright info
==3532226== Command: /home/nikola/Faks/vs/wine/2024_Analysis_wine/wine/loader/wine-preloader /home/nikola/Faks/vs/wine/2024_Analysis_wine/wine/loader/wine dlls/advapi32/tests/x86_64-windows/advapi32_test.exe cred
==3532226== 
==3532226== Warning: --workaround-gcc296-bugs=yes is deprecated.
==3532226== Warning: Instead use: --ignore-range-below-sp=1024-1
==3532226== 
preloader: Warning: failed to reserve range 0000000000110000-0000000068000000
==3532226== Syscall param ioctl(generic) points to uninitialised byte(s)
==3532226==    at 0x4984C3D: ioctl (in /nix/store/n51dhmdbik1kfrsm62j5knavmigwrl1a-glibc-2.42-84/lib/libc.so.6)
==3532226==    by 0x4ED4897: kernel_writewatch_init (virtual.c:291)
==3532226==    by 0x4EDBE48: virtual_init (virtual.c:3664)
==3532226==    by 0x4E9D4F9: __wine_main (loader.c:2297)
==3532226==    by 0x4801473: main (main.c:184)
==3532226==  Address 0x1ffefeada0 is on thread 1's stack
==3532226==  in frame #1, created by kernel_writewatch_init (virtual.c:283)
==3532226==  Uninitialised value was created by a stack allocation
==3532226==    at 0x4ED484C: kernel_writewatch_init (virtual.c:283)
==3532226== 
{
   <insert_a_suppression_name_here>
   Memcheck:Param
   ioctl(generic)
   fun:ioctl
   fun:kernel_writewatch_init
   fun:virtual_init
   fun:__wine_main
   fun:main
}
==3532226== 
==3532226== LOAD_PDB_DEBUGINFO: clreq:   fd=9, avma=0x7ffffe000000, total_size=5304320, bias=0x7ffebe000000
==3532226== LOAD_PDB_DEBUGINFO: objname: /home/nikola/Faks/vs/wine/2024_Analysis_wine/wine/dlls/advapi32/tests/x86_64-windows/advapi32_test.exe
==3532226== LOAD_PDB_DEBUGINFO: Find PDB file: /tmp/nix-shell-3531338-2595908989/valgrind_petmp3532226_195e9d66 is empty
==3532226== Warning: Missing or un-stat-able /home/nikola/Faks/vs/wine/2024_Analysis_wine/wine/dlls/advapi32/tests/x86_64-windows/advapi32_test.pdb
==3532226== LOAD_PDB_DEBUGINFO: missing: /home/nikola/Faks/vs/wine/2024_Analysis_wine/wine/dlls/advapi32/tests/x86_64-windows/advapi32_test.pdb
==3532226== 
==3532226== LOAD_PDB_DEBUGINFO: clreq:   fd=9, avma=0x7ffffe000000, total_size=274432, bias=0x7ffebe000000
==3532226== LOAD_PDB_DEBUGINFO: objname: /home/nikola/Faks/vs/wine/2024_Analysis_wine/wine/programs/start/x86_64-windows/start.exe
==3532226== LOAD_PDB_DEBUGINFO: Find PDB file: /tmp/nix-shell-3531338-2595908989/valgrind_petmp3532226_195e9d66 is empty
==3532226== Warning: Missing or un-stat-able /home/nikola/Faks/vs/wine/2024_Analysis_wine/wine/programs/start/x86_64-windows/start.pdb
==3532226== LOAD_PDB_DEBUGINFO: missing: /home/nikola/Faks/vs/wine/2024_Analysis_wine/wine/programs/start/x86_64-windows/start.pdb
==3532226== 
==3532226== LOAD_PDB_DEBUGINFO: clreq:   fd=9, avma=0x6fffffbd0000, total_size=4268032, bias=0x6ffe8fbd0000
==3532226== LOAD_PDB_DEBUGINFO: objname: /home/nikola/Faks/vs/wine/2024_Analysis_wine/wine/dlls/ntdll/x86_64-windows/ntdll.dll
==3532226== LOAD_PDB_DEBUGINFO: Find PDB file: /tmp/nix-shell-3531338-2595908989/valgrind_petmp3532226_195e9d66 is empty
==3532226== Warning: Missing or un-stat-able /home/nikola/Faks/vs/wine/2024_Analysis_wine/wine/dlls/ntdll/x86_64-windows/ntdll.pdb
==3532226== LOAD_PDB_DEBUGINFO: missing: /home/nikola/Faks/vs/wine/2024_Analysis_wine/wine/dlls/ntdll/x86_64-windows/ntdll.pdb
0148:err:seh:segv_handler Got unexpected trap 0
vex amd64->IR: unhandled instruction bytes: 0x8E 0xD8 0x8E 0xC0 0x48 0x83 0xC4 0x8 0x5B 0x41
vex amd64->IR:   REX=0 REX.W=0 REX.R=0 REX.X=0 REX.B=0
vex amd64->IR:   VEX=0 VEX.L=0 VEX.nVVVV=0x0 ESC=NONE
vex amd64->IR:   PFX.66=0 PFX.F2=0 PFX.F3=0
==3532226== valgrind: Unrecognised instruction at address 0x4eb1974.
==3532226==    at 0x4EB1974: leave_handler (signal_x86_64.c:955)
==3532226==    by 0x4EB3F82: setup_raise_exception (signal_x86_64.c:1637)
==3532226==    by 0x4EB44B5: segv_handler (signal_x86_64.c:2475)
==3532226==    by 0x48A719F: ??? (in /nix/store/n51dhmdbik1kfrsm62j5knavmigwrl1a-glibc-2.42-84/lib/libc.so.6)
==3532226==    by 0x6FFFFFBE0A2F: ??? (in /home/nikola/Faks/vs/wine/2024_Analysis_wine/wine/dlls/ntdll/x86_64-windows/ntdll.dll)
==3532226== Your program just tried to execute an instruction that Valgrind
==3532226== did not recognise.  There are two possible reasons for this.
==3532226== 1. Your program has a bug and erroneously jumped to a non-code
==3532226==    location.  If you are running Memcheck and you just saw a
==3532226==    warning about a bad jump, it's probably your program's fault.
==3532226== 2. The instruction is legitimate but Valgrind doesn't handle it,
==3532226==    i.e. it's Valgrind's fault.  If you think this is the case or
==3532226==    you are not sure, please let us know and we'll try to fix it.
==3532226== Either way, Valgrind will now raise a SIGILL signal which will
==3532226== probably kill your program.
0148:err:seh:segv_handler Got unexpected trap 0
0148:err:virtual:virtual_setup_exception nested exception on signal stack addr 0x4eb1974 stack 0x7ffceb00
==3532226== 
==3532226== HEAP SUMMARY:
==3532226==     in use at exit: 11,145 bytes in 30 blocks
==3532226==   total heap usage: 143 allocs, 113 frees, 1,002,967 bytes allocated
==3532226== 
==3532226== 63 bytes in 1 blocks are definitely lost in loss record 13 of 28
==3532226==    at 0x484D7D0: malloc (in /nix/store/7p6qjr2kqkbd0i3ylndwrxsb0j7m317k-valgrind-3.27.1/libexec/valgrind/vgpreload_memcheck-amd64-linux.so)
==3532226==    by 0x4E99479: build_path (loader.c:264)
==3532226==    by 0x4E9B83A: init_paths (loader.c:459)
==3532226==    by 0x4E9D4AA: __wine_main (loader.c:2283)
==3532226==    by 0x4801473: main (main.c:184)
==3532226== 
{
   <insert_a_suppression_name_here>
   Memcheck:Leak
   match-leak-kinds: definite
   fun:malloc
   fun:build_path
   fun:init_paths
   fun:__wine_main
   fun:main
}
==3532226== LEAK SUMMARY:
==3532226==    definitely lost: 63 bytes in 1 blocks
==3532226==    indirectly lost: 0 bytes in 0 blocks
==3532226==      possibly lost: 0 bytes in 0 blocks
==3532226==    still reachable: 5,518 bytes in 28 blocks
==3532226==         suppressed: 5,564 bytes in 1 blocks
==3532226== Reachable blocks (those to which a pointer was found) are not shown.
==3532226== To see them, rerun with: --leak-check=full --show-leak-kinds=all
==3532226== 
==3532226== For lists of detected and suppressed errors, rerun with: -s
==3532226== ERROR SUMMARY: 2 errors from 2 contexts (suppressed: 1 from 1)
make[1]: *** [Makefile:4086: dlls/advapi32/tests/x86_64-windows/cred.ok] Error 1
make[1]: Leaving directory '/home/nikola/Faks/vs/wine/2024_Analysis_wine/wine'
make: *** [Makefile:21: x86_64-windows/cred.ok] Error 2
