make[1]: Entering directory '/home/nikola/Faks/vs/wine/2024_Analysis_wine/wine'
tools/runtest -q -P wine -T . -M advapi32.dll -p dlls/advapi32/tests/i386-windows/advapi32_test.exe cred && touch dlls/advapi32/tests/i386-windows/cred.ok
==3532707== Memcheck, a memory error detector
==3532707== Copyright (C) 2002-2026, and GNU GPL'd, by Julian Seward et al.
==3532707== Using Valgrind-3.27.1 and LibVEX; rerun with -h for copyright info
==3532707== Command: ./wine dlls/advapi32/tests/i386-windows/advapi32_test.exe cred
==3532707== 
==3532707== Warning: --workaround-gcc296-bugs=yes is deprecated.
==3532707== Warning: Instead use: --ignore-range-below-sp=1024-1
==3532707== 
==3532707== Memcheck, a memory error detector
==3532707== Copyright (C) 2002-2026, and GNU GPL'd, by Julian Seward et al.
==3532707== Using Valgrind-3.27.1 and LibVEX; rerun with -h for copyright info
==3532707== Command: /home/nikola/Faks/vs/wine/2024_Analysis_wine/wine/loader/wine-preloader /home/nikola/Faks/vs/wine/2024_Analysis_wine/wine/loader/wine dlls/advapi32/tests/i386-windows/advapi32_test.exe cred
==3532707== 
==3532707== Warning: --workaround-gcc296-bugs=yes is deprecated.
==3532707== Warning: Instead use: --ignore-range-below-sp=1024-1
==3532707== 
preloader: Warning: failed to reserve range 0000000000110000-0000000068000000
==3532707== Syscall param ioctl(generic) points to uninitialised byte(s)
==3532707==    at 0x4984C3D: ioctl (in /nix/store/n51dhmdbik1kfrsm62j5knavmigwrl1a-glibc-2.42-84/lib/libc.so.6)
==3532707==    by 0x4ED4897: kernel_writewatch_init (virtual.c:291)
==3532707==    by 0x4EDBE48: virtual_init (virtual.c:3664)
==3532707==    by 0x4E9D4F9: __wine_main (loader.c:2297)
==3532707==    by 0x4801473: main (main.c:184)
==3532707==  Address 0x1ffefeadb0 is on thread 1's stack
==3532707==  in frame #1, created by kernel_writewatch_init (virtual.c:283)
==3532707==  Uninitialised value was created by a stack allocation
==3532707==    at 0x4ED484C: kernel_writewatch_init (virtual.c:283)
==3532707== 
{
   <insert_a_suppression_name_here>
   Memcheck:Param
   ioctl(generic)
   fun:ioctl
   fun:kernel_writewatch_init
   fun:virtual_init
   fun:__wine_main
   fun:main
}
==3532707== 
==3532707== LOAD_PDB_DEBUGINFO: clreq:   fd=9, avma=0x400000, total_size=4505600, bias=0x0
==3532707== LOAD_PDB_DEBUGINFO: objname: /home/nikola/Faks/vs/wine/2024_Analysis_wine/wine/dlls/advapi32/tests/i386-windows/advapi32_test.exe
==3532707== LOAD_PDB_DEBUGINFO: Find PDB file: /tmp/nix-shell-3531338-2595908989/valgrind_petmp3532707_7c425e33 is empty
==3532707== Warning: Missing or un-stat-able /home/nikola/Faks/vs/wine/2024_Analysis_wine/wine/dlls/advapi32/tests/i386-windows/advapi32_test.pdb
==3532707== LOAD_PDB_DEBUGINFO: missing: /home/nikola/Faks/vs/wine/2024_Analysis_wine/wine/dlls/advapi32/tests/i386-windows/advapi32_test.pdb
==3532707== 
==3532707== LOAD_PDB_DEBUGINFO: clreq:   fd=9, avma=0x6fffffbd0000, total_size=4268032, bias=0x6ffe8fbd0000
==3532707== LOAD_PDB_DEBUGINFO: objname: /home/nikola/Faks/vs/wine/2024_Analysis_wine/wine/dlls/ntdll/x86_64-windows/ntdll.dll
==3532707== LOAD_PDB_DEBUGINFO: Find PDB file: /tmp/nix-shell-3531338-2595908989/valgrind_petmp3532707_7c425e33 is empty
==3532707== Warning: Missing or un-stat-able /home/nikola/Faks/vs/wine/2024_Analysis_wine/wine/dlls/ntdll/x86_64-windows/ntdll.pdb
==3532707== LOAD_PDB_DEBUGINFO: missing: /home/nikola/Faks/vs/wine/2024_Analysis_wine/wine/dlls/ntdll/x86_64-windows/ntdll.pdb
==3532707== 
==3532707== LOAD_PDB_DEBUGINFO: clreq:   fd=9, avma=0x7bcc0000, total_size=3330048, bias=0xc0000
==3532707== LOAD_PDB_DEBUGINFO: objname: /home/nikola/Faks/vs/wine/2024_Analysis_wine/wine/dlls/ntdll/i386-windows/ntdll.dll
==3532707== LOAD_PDB_DEBUGINFO: Find PDB file: /tmp/nix-shell-3531338-2595908989/valgrind_petmp3532707_7c425e33 is empty
==3532707== Warning: Missing or un-stat-able /home/nikola/Faks/vs/wine/2024_Analysis_wine/wine/dlls/ntdll/i386-windows/ntdll.pdb
==3532707== LOAD_PDB_DEBUGINFO: missing: /home/nikola/Faks/vs/wine/2024_Analysis_wine/wine/dlls/ntdll/i386-windows/ntdll.pdb
vex amd64->IR: unhandled instruction bytes: 0xCD 0x80 0x8B 0x4 0x24 0x67 0x8D 0x4 0xC5 0x3
vex amd64->IR:   REX=0 REX.W=0 REX.R=0 REX.X=0 REX.B=0
vex amd64->IR:   VEX=0 VEX.L=0 VEX.nVVVV=0x0 ESC=NONE
vex amd64->IR:   PFX.66=0 PFX.F2=0 PFX.F3=0
==3532707== valgrind: Unrecognised instruction at address 0x4eae7ea.
==3532707==    at 0x4EAE7EA: alloc_fs_sel (in /home/nikola/Faks/vs/wine/2024_Analysis_wine/wine/dlls/ntdll/ntdll.so)
==3532707== Your program just tried to execute an instruction that Valgrind
==3532707== did not recognise.  There are two possible reasons for this.
==3532707== 1. Your program has a bug and erroneously jumped to a non-code
==3532707==    location.  If you are running Memcheck and you just saw a
==3532707==    warning about a bad jump, it's probably your program's fault.
==3532707== 2. The instruction is legitimate but Valgrind doesn't handle it,
==3532707==    i.e. it's Valgrind's fault.  If you think this is the case or
==3532707==    you are not sure, please let us know and we'll try to fix it.
==3532707== Either way, Valgrind will now raise a SIGILL signal which will
==3532707== probably kill your program.
==3532707== 
==3532707== Process terminating with default action of signal 4 (SIGILL): dumping core
==3532707==  Illegal opcode at address 0x4EAE7EA
==3532707==    at 0x4EAE7EA: alloc_fs_sel (in /home/nikola/Faks/vs/wine/2024_Analysis_wine/wine/dlls/ntdll/ntdll.so)
==3532707== 
==3532707== HEAP SUMMARY:
==3532707==     in use at exit: 18,198 bytes in 59 blocks
==3532707==   total heap usage: 141 allocs, 82 frees, 1,002,823 bytes allocated
==3532707== 
==3532707== 63 bytes in 1 blocks are definitely lost in loss record 16 of 37
==3532707==    at 0x484D7D0: malloc (in /nix/store/7p6qjr2kqkbd0i3ylndwrxsb0j7m317k-valgrind-3.27.1/libexec/valgrind/vgpreload_memcheck-amd64-linux.so)
==3532707==    by 0x4E99479: build_path (loader.c:264)
==3532707==    by 0x4E9B83A: init_paths (loader.c:459)
==3532707==    by 0x4E9D4AA: __wine_main (loader.c:2283)
==3532707==    by 0x4801473: main (main.c:184)
==3532707== 
{
   <insert_a_suppression_name_here>
   Memcheck:Leak
   match-leak-kinds: definite
   fun:malloc
   fun:build_path
   fun:init_paths
   fun:__wine_main
   fun:main
}
==3532707== 2,808 bytes in 1 blocks are possibly lost in loss record 35 of 37
==3532707==    at 0x484D7D0: malloc (in /nix/store/7p6qjr2kqkbd0i3ylndwrxsb0j7m317k-valgrind-3.27.1/libexec/valgrind/vgpreload_memcheck-amd64-linux.so)
==3532707==    by 0x480AC6D: _dl_find_object_update (in /nix/store/n51dhmdbik1kfrsm62j5knavmigwrl1a-glibc-2.42-84/lib/ld-linux-x86-64.so.2)
==3532707==    by 0x48136EC: dl_open_worker_begin (in /nix/store/n51dhmdbik1kfrsm62j5knavmigwrl1a-glibc-2.42-84/lib/ld-linux-x86-64.so.2)
==3532707==    by 0x4807485: _dl_catch_exception (in /nix/store/n51dhmdbik1kfrsm62j5knavmigwrl1a-glibc-2.42-84/lib/ld-linux-x86-64.so.2)
==3532707==    by 0x48128AB: dl_open_worker (in /nix/store/n51dhmdbik1kfrsm62j5knavmigwrl1a-glibc-2.42-84/lib/ld-linux-x86-64.so.2)
==3532707==    by 0x4807485: _dl_catch_exception (in /nix/store/n51dhmdbik1kfrsm62j5knavmigwrl1a-glibc-2.42-84/lib/ld-linux-x86-64.so.2)
==3532707==    by 0x4812D79: _dl_open (in /nix/store/n51dhmdbik1kfrsm62j5knavmigwrl1a-glibc-2.42-84/lib/ld-linux-x86-64.so.2)
==3532707==    by 0x48FDC43: dlopen_doit (in /nix/store/n51dhmdbik1kfrsm62j5knavmigwrl1a-glibc-2.42-84/lib/libc.so.6)
==3532707==    by 0x4807485: _dl_catch_exception (in /nix/store/n51dhmdbik1kfrsm62j5knavmigwrl1a-glibc-2.42-84/lib/ld-linux-x86-64.so.2)
==3532707==    by 0x48075D8: _dl_catch_error (in /nix/store/n51dhmdbik1kfrsm62j5knavmigwrl1a-glibc-2.42-84/lib/ld-linux-x86-64.so.2)
==3532707==    by 0x48FD6B2: _dlerror_run (in /nix/store/n51dhmdbik1kfrsm62j5knavmigwrl1a-glibc-2.42-84/lib/libc.so.6)
==3532707==    by 0x48FDD0A: dlopen@@GLIBC_2.34 (in /nix/store/n51dhmdbik1kfrsm62j5knavmigwrl1a-glibc-2.42-84/lib/libc.so.6)
==3532707==    by 0x48013EF: try_dlopen (main.c:163)
==3532707==    by 0x4801452: main (main.c:180)
==3532707== 
{
   <insert_a_suppression_name_here>
   Memcheck:Leak
   match-leak-kinds: possible
   fun:malloc
   fun:_dl_find_object_update
   fun:dl_open_worker_begin
   fun:_dl_catch_exception
   fun:dl_open_worker
   fun:_dl_catch_exception
   fun:_dl_open
   fun:dlopen_doit
   fun:_dl_catch_exception
   fun:_dl_catch_error
   fun:_dlerror_run
   fun:dlopen@@GLIBC_2.34
   fun:try_dlopen
   fun:main
}
==3532707== LEAK SUMMARY:
==3532707==    definitely lost: 63 bytes in 1 blocks
==3532707==    indirectly lost: 0 bytes in 0 blocks
==3532707==      possibly lost: 2,808 bytes in 1 blocks
==3532707==    still reachable: 9,763 bytes in 56 blocks
==3532707==         suppressed: 5,564 bytes in 1 blocks
==3532707== Reachable blocks (those to which a pointer was found) are not shown.
==3532707== To see them, rerun with: --leak-check=full --show-leak-kinds=all
==3532707== 
==3532707== For lists of detected and suppressed errors, rerun with: -s
==3532707== ERROR SUMMARY: 3 errors from 3 contexts (suppressed: 1 from 1)
timeout: the monitored command dumped core
make[1]: *** [Makefile:4076: dlls/advapi32/tests/i386-windows/cred.ok] Error 132
make[1]: Leaving directory '/home/nikola/Faks/vs/wine/2024_Analysis_wine/wine'
make: *** [Makefile:21: i386-windows/cred.ok] Error 2
